[www.clalymanagement.com/index.html]
[backblue.gif]
[fade.gif]
[index.html]
[www.clalymanagement.com/feed/index.html]
[www.clalymanagement.com/comments/feed/index.html]
[www.clalymanagement.com/wp-content/uploads/go-x/favicone9bf.ico]
[www.clalymanagement.com/wp-content/uploads/go-x/apple-touch-icone9bf.png]
[www.clalymanagement.com/wp-content/uploads/go-x/favicon-32x32e9bf.png]
[www.clalymanagement.com/wp-content/uploads/go-x/android-chrome-192x192e9bf.png]
[www.clalymanagement.com/wp-content/uploads/go-x/favicon-16x16e9bf.png]
[www.clalymanagement.com/wp-content/themes/gox/public/fonts/Merriweather-latin_latin-ext-regular.eot]
[www.clalymanagement.com/wp-content/themes/gox/public/fonts/Merriweather-latin_latin-ext-regulard41d.eot]
[www.clalymanagement.com/wp-content/themes/gox/public/fonts/Merriweather-latin_latin-ext-regular.woff2]
[www.clalymanagement.com/wp-content/themes/gox/public/fonts/Merriweather-latin_latin-ext-regular.woff]
[www.clalymanagement.com/wp-content/themes/gox/public/fonts/Merriweather-latin_latin-ext-regular.ttf]
[www.clalymanagement.com/wp-content/themes/gox/public/fonts/Merriweather-latin_latin-ext-italic.eot]
[www.clalymanagement.com/wp-content/themes/gox/public/fonts/Merriweather-latin_latin-ext-italicd41d.eot]
[www.clalymanagement.com/wp-content/themes/gox/public/fonts/Merriweather-latin_latin-ext-italic.woff2]
[www.clalymanagement.com/wp-content/themes/gox/public/fonts/Merriweather-latin_latin-ext-italic.woff]
[www.clalymanagement.com/wp-content/themes/gox/public/fonts/Merriweather-latin_latin-ext-italic.ttf]
[www.clalymanagement.com/wp-content/themes/gox/public/fonts/Merriweather-latin_latin-ext-700.eot]
[www.clalymanagement.com/wp-content/themes/gox/public/fonts/Merriweather-latin_latin-ext-700d41d.eot]
[www.clalymanagement.com/wp-content/themes/gox/public/fonts/Merriweather-latin_latin-ext-700.woff2]
[www.clalymanagement.com/wp-content/themes/gox/public/fonts/Merriweather-latin_latin-ext-700.woff]
[www.clalymanagement.com/wp-content/themes/gox/public/fonts/Merriweather-latin_latin-ext-700.ttf]
[www.clalymanagement.com/wp-content/themes/gox/public/fonts/Merriweather-latin_latin-ext-700italic.eot]
[www.clalymanagement.com/wp-content/themes/gox/public/fonts/Merriweather-latin_latin-ext-700italicd41d.eot]
[www.clalymanagement.com/wp-content/themes/gox/public/fonts/Merriweather-latin_latin-ext-700italic.woff2]
[www.clalymanagement.com/wp-content/themes/gox/public/fonts/Merriweather-latin_latin-ext-700italic.woff]
[www.clalymanagement.com/wp-content/themes/gox/public/fonts/Merriweather-latin_latin-ext-700italic.ttf]
[www.clalymanagement.com/wp-content/uploads/go-x/u/28d38cea-1a97-43f4-ad51-05e3e73605b1/image.jpg]
[www.clalymanagement.com/about-us/index.html]
[www.clalymanagement.com/wp-content/uploads/go-x/u/ccd820e2-6b0e-4edd-b600-e2618ed39642/l320,t3,w1280,h1280/image.jpg]
[www.clalymanagement.com/contact-us/index.html]
[www.clalymanagement.com/wp-content/uploads/go-x/u/866cd1d0-8bef-401f-8844-04da58341531/l480,t0,w1920,h1920/image-1366x1366.jpg]
[www.clalymanagement.com/wp-content/uploads/go-x/u/836f0cfd-b4ec-4469-8b05-78ef14f381e9/l320,t0,w1280,h1280/image.jpg]
[www.clalymanagement.com/wp-content/plugins/go-x-blocks/js/consent/consente67e.js]
[www.clalymanagement.com/wp-content/plugins/go-x-blocks/js/forms/formse67e.js]
[translate.google.com/translate_a/element7876.js]
[cdn.pagepulse.info/js/22728.js]
[www.clalymanagement.com/index.html]
[www.clalymanagement.com/wp-includes/css/dist/block-library/style.min4118.css]
[www.clalymanagement.com/wp-includes/css/classic-themes.min4118.css]
[www.clalymanagement.com/wp-content/uploads/go-x/stylee67e.css]
[www.clalymanagement.com/wp-json/index.html]
[www.clalymanagement.com/wp-json/wp/v2/pages/24]
[www.clalymanagement.com/xmlrpc0db0.html]
[www.clalymanagement.com/wp-includes/wlwmanifest.html]
[www.clalymanagement.com/wp-json/oembed/1.0/embed0f9f]
[www.clalymanagement.com/wp-json/oembed/1.0/embed74fe]
[www.clalymanagement.com/wp-content/themes/gox/public/fonts/Merriweather-latin_latin-ext-regular.svg]
[www.clalymanagement.com/wp-content/themes/gox/public/fonts/Merriweather-latin_latin-ext-italic.svg]
[www.clalymanagement.com/wp-content/themes/gox/public/fonts/Merriweather-latin_latin-ext-700.svg]
[www.clalymanagement.com/wp-content/themes/gox/public/fonts/Merriweather-latin_latin-ext-700italic.svg]
[www.clalymanagement.com/Trident/index.html]
[www.clalymanagement.com/wp-content/uploads/go-x/u/fc40cadd-7d94-4e5a-b27e-259540757a0e/image.jpg]
[www.clalymanagement.com/wp-content/uploads/go-x/u/21579ba3-2415-46d9-95c7-487bbdc0e72c/l480,t0,w1920,h1920/image-1366x1366.jpg]
[www.clalymanagement.com/wp-content/uploads/go-x/u/86756263-9552-4550-8d63-7b971a86e50f/l320,t0,w1281,h1281/image.jpg]
[www.clalymanagement.com/about-us/index.html]
[www.clalymanagement.com/about-us/Trident/index.html]
[www.clalymanagement.com/wp-content/uploads/go-x/u/af9e4553-d5e3-4d3e-a17a-52d92c244b5e/image.jpg]
[www.clalymanagement.com/contact-us/index.html]
[www.clalymanagement.com/Trident/index.html]
[www.clalymanagement.com/wp-json/wp/v2/pages/25]
[www.clalymanagement.com/index970c.html]
[www.clalymanagement.com/wp-json/oembed/1.0/embedd543]
[www.clalymanagement.com/wp-json/oembed/1.0/embed49f4]
[www.clalymanagement.com/about-us/Trident/index.html]
[www.clalymanagement.com/wp-json/wp/v2/pages/26]
[www.clalymanagement.com/index88b9.html]
[www.clalymanagement.com/wp-json/oembed/1.0/embeda4f0]
[www.clalymanagement.com/wp-json/oembed/1.0/embedf046]
[www.clalymanagement.com/contact-us/Trident/index.html]
[www.clalymanagement.com/contact-us/Trident/index.html]
